******************************************************************************
                  TI ARM Linker PC v20.2.0                     
******************************************************************************
>> Linked Fri Sep 10 12:20:46 2021

OUTPUT FILE NAME:   <blinkled_msp432p401r_MSP_EXP432P401R_nortos_ccs.out>
ENTRY POINT SYMBOL: "_c_int00_noinit_noargs"  address: 000001d1


MEMORY CONFIGURATION

         name            origin    length      used     unused   attr    fill
----------------------  --------  ---------  --------  --------  ----  --------
  MAIN                  00000000   00040000  0000028e  0003fd72  R  X
  INFO                  00200000   00004000  00000000  00004000  R  X
  SRAM_CODE             01000000   00010000  00000200  0000fe00  RW X
  SRAM_DATA             20000000   00010000  00000200  0000fe00  RW  


SEGMENT ALLOCATION MAP

run origin  load origin   length   init length attrs members
----------  ----------- ---------- ----------- ----- -------
00000000    00000000    00000290   00000290    r-x
  00000000    00000000    000000e4   000000e4    r-- .intvecs
  000000e4    000000e4    0000017a   0000017a    r-x .text
  00000260    00000260    00000030   00000030    r-- .const
2000fe00    2000fe00    00000200   00000000    rw-
  2000fe00    2000fe00    00000200   00000000    rw- .stack


SECTION ALLOCATION MAP

 output                                  attributes/
section   page    origin      length       input sections
--------  ----  ----------  ----------   ----------------
.intvecs   0    00000000    000000e4     
                  00000000    000000e4     startup_msp432p401r_ccs.obj (.intvecs:retain)

.text      0    000000e4    0000017a     
                  000000e4    00000078     system_msp432p401r.obj (.text:SystemInit)
                  0000015c    00000040     msp432p4xx_driverlib.lib : gpio.o (.text:GPIO_setAsOutputPin)
                  0000019c    00000034     main.obj (.text:main)
                  000001d0    0000002c     rtsv7M4_T_le_v4SPD16_eabi.lib : boot_cortex_m.c.obj (.text:_c_int00_noinit_noargs:_c_int00_noinit_noargs)
                  000001fc    00000028     msp432p4xx_driverlib.lib : gpio.o (.text:GPIO_toggleOutputOnPin)
                  00000224    00000024                              : wdt_a.o (.text:WDT_A_holdTimer)
                  00000248    0000000c     startup_msp432p401r_ccs.obj (.text:Reset_Handler)
                  00000254    00000004     rtsv7M4_T_le_v4SPD16_eabi.lib : pre_init.c.obj (.text:_system_pre_init)
                  00000258    00000004                                   : exit.c.obj (.text:abort:abort)
                  0000025c    00000002     startup_msp432p401r_ccs.obj (.text:Default_Handler)

.const     0    00000260    00000030     
                  00000260    00000030     msp432p4xx_driverlib.lib : gpio.o (.const:GPIO_PORT_TO_BASE)

.cinit     0    00000000    00000000     UNINITIALIZED

.init_array 
*          0    00000000    00000000     UNINITIALIZED

.binit     0    00000000    00000000     

.stack     0    2000fe00    00000200     UNINITIALIZED
                  2000fe00    00000004     rtsv7M4_T_le_v4SPD16_eabi.lib : boot_cortex_m.c.obj (.stack)
                  2000fe04    000001fc     --HOLE--

__llvm_prf_cnts 
*          0    20000000    00000000     UNINITIALIZED

MODULE SUMMARY

       Module                        code   ro data   rw data
       ------                        ----   -------   -------
    .\
       system_msp432p401r.obj        120    0         0      
       main.obj                      52     0         0      
    +--+-----------------------------+------+---------+---------+
       Total:                        172    0         0      
                                                             
    .\ccs\
       startup_msp432p401r_ccs.obj   14     228       0      
    +--+-----------------------------+------+---------+---------+
       Total:                        14     228       0      
                                                             
    C:/ti/simplelink_msp432p4_sdk_3_40_01_02/source/ti/devices/msp432p4xx/driverlib/ccs/msp432p4xx_driverlib.lib
       gpio.o                        104    48        0      
       wdt_a.o                       36     0         0      
    +--+-----------------------------+------+---------+---------+
       Total:                        140    48        0      
                                                             
    C:\ti\ccs1000\ccs\tools\compiler\ti-cgt-arm_20.2.0.LTS\lib\rtsv7M4_T_le_v4SPD16_eabi.lib
       boot_cortex_m.c.obj           44     0         0      
       exit.c.obj                    4      0         0      
       pre_init.c.obj                4      0         0      
    +--+-----------------------------+------+---------+---------+
       Total:                        52     0         0      
                                                             
       Stack:                        0      0         1024   
    +--+-----------------------------+------+---------+---------+
       Grand Total:                  378    276       1024   


GLOBAL SYMBOLS: SORTED ALPHABETICALLY BY Name 

address   name                   
-------   ----                   
0000025d  ADC14_IRQHandler       
0000025d  AES256_IRQHandler      
0000025d  BusFault_Handler       
00000259  C$$EXIT                
0000025d  COMP_E0_IRQHandler     
0000025d  COMP_E1_IRQHandler     
0000025d  CS_IRQHandler          
0000025d  DMA_ERR_IRQHandler     
0000025d  DMA_INT0_IRQHandler    
0000025d  DMA_INT1_IRQHandler    
0000025d  DMA_INT2_IRQHandler    
0000025d  DMA_INT3_IRQHandler    
0000025d  DebugMon_Handler       
0000025d  Default_Handler        
0000025d  EUSCIA0_IRQHandler     
0000025d  EUSCIA1_IRQHandler     
0000025d  EUSCIA2_IRQHandler     
0000025d  EUSCIA3_IRQHandler     
0000025d  EUSCIB0_IRQHandler     
0000025d  EUSCIB1_IRQHandler     
0000025d  EUSCIB2_IRQHandler     
0000025d  EUSCIB3_IRQHandler     
0000025d  FLCTL_IRQHandler       
0000025d  FPU_IRQHandler         
0000015d  GPIO_setAsOutputPin    
000001fd  GPIO_toggleOutputOnPin 
0000025d  HardFault_Handler      
0000025d  MemManage_Handler      
0000025d  NMI_Handler            
0000025d  PCM_IRQHandler         
0000025d  PORT1_IRQHandler       
0000025d  PORT2_IRQHandler       
0000025d  PORT3_IRQHandler       
0000025d  PORT4_IRQHandler       
0000025d  PORT5_IRQHandler       
0000025d  PORT6_IRQHandler       
0000025d  PSS_IRQHandler         
0000025d  PendSV_Handler         
0000025d  RTC_C_IRQHandler       
00000249  Reset_Handler          
0000025d  SVC_Handler            
0000025d  SysTick_Handler        
000000e5  SystemInit             
0000025d  T32_INT1_IRQHandler    
0000025d  T32_INT2_IRQHandler    
0000025d  T32_INTC_IRQHandler    
0000025d  TA0_0_IRQHandler       
0000025d  TA0_N_IRQHandler       
0000025d  TA1_0_IRQHandler       
0000025d  TA1_N_IRQHandler       
0000025d  TA2_0_IRQHandler       
0000025d  TA2_N_IRQHandler       
0000025d  TA3_0_IRQHandler       
0000025d  TA3_N_IRQHandler       
0000025d  UsageFault_Handler     
4000480c  WDTCTL_SYM             
0000025d  WDT_A_IRQHandler       
00000225  WDT_A_holdTimer        
20010000  __STACK_END            
00000200  __STACK_SIZE           
ffffffff  __TI_pprof_out_hndl    
ffffffff  __TI_prof_data_size    
ffffffff  __TI_prof_data_start   
00000000  __TI_static_base__     
ffffffff  __binit__              
ffffffff  __c_args__             
UNDEFED   __mpu_init             
2000fe00  __stack                
20000000  __start___llvm_prf_cnts
20000000  __stop___llvm_prf_cnts 
000001d1  _c_int00_noinit_noargs 
00000255  _system_pre_init       
00000259  abort                  
ffffffff  binit                  
00000000  interruptVectors       
0000019d  main                   


GLOBAL SYMBOLS: SORTED BY Symbol Address 

address   name                   
-------   ----                   
00000000  __TI_static_base__     
00000000  interruptVectors       
000000e5  SystemInit             
0000015d  GPIO_setAsOutputPin    
0000019d  main                   
000001d1  _c_int00_noinit_noargs 
000001fd  GPIO_toggleOutputOnPin 
00000200  __STACK_SIZE           
00000225  WDT_A_holdTimer        
00000249  Reset_Handler          
00000255  _system_pre_init       
00000259  C$$EXIT                
00000259  abort                  
0000025d  ADC14_IRQHandler       
0000025d  AES256_IRQHandler      
0000025d  BusFault_Handler       
0000025d  COMP_E0_IRQHandler     
0000025d  COMP_E1_IRQHandler     
0000025d  CS_IRQHandler          
0000025d  DMA_ERR_IRQHandler     
0000025d  DMA_INT0_IRQHandler    
0000025d  DMA_INT1_IRQHandler    
0000025d  DMA_INT2_IRQHandler    
0000025d  DMA_INT3_IRQHandler    
0000025d  DebugMon_Handler       
0000025d  Default_Handler        
0000025d  EUSCIA0_IRQHandler     
0000025d  EUSCIA1_IRQHandler     
0000025d  EUSCIA2_IRQHandler     
0000025d  EUSCIA3_IRQHandler     
0000025d  EUSCIB0_IRQHandler     
0000025d  EUSCIB1_IRQHandler     
0000025d  EUSCIB2_IRQHandler     
0000025d  EUSCIB3_IRQHandler     
0000025d  FLCTL_IRQHandler       
0000025d  FPU_IRQHandler         
0000025d  HardFault_Handler      
0000025d  MemManage_Handler      
0000025d  NMI_Handler            
0000025d  PCM_IRQHandler         
0000025d  PORT1_IRQHandler       
0000025d  PORT2_IRQHandler       
0000025d  PORT3_IRQHandler       
0000025d  PORT4_IRQHandler       
0000025d  PORT5_IRQHandler       
0000025d  PORT6_IRQHandler       
0000025d  PSS_IRQHandler         
0000025d  PendSV_Handler         
0000025d  RTC_C_IRQHandler       
0000025d  SVC_Handler            
0000025d  SysTick_Handler        
0000025d  T32_INT1_IRQHandler    
0000025d  T32_INT2_IRQHandler    
0000025d  T32_INTC_IRQHandler    
0000025d  TA0_0_IRQHandler       
0000025d  TA0_N_IRQHandler       
0000025d  TA1_0_IRQHandler       
0000025d  TA1_N_IRQHandler       
0000025d  TA2_0_IRQHandler       
0000025d  TA2_N_IRQHandler       
0000025d  TA3_0_IRQHandler       
0000025d  TA3_N_IRQHandler       
0000025d  UsageFault_Handler     
0000025d  WDT_A_IRQHandler       
20000000  __start___llvm_prf_cnts
20000000  __stop___llvm_prf_cnts 
2000fe00  __stack                
20010000  __STACK_END            
4000480c  WDTCTL_SYM             
ffffffff  __TI_pprof_out_hndl    
ffffffff  __TI_prof_data_size    
ffffffff  __TI_prof_data_start   
ffffffff  __binit__              
ffffffff  __c_args__             
ffffffff  binit                  
UNDEFED   __mpu_init             

[76 symbols]
